=~=~=~=~=~=~=~=~=~=~=~= PuTTY log 2023.01.24 15:46:31 =~=~=~=~=~=~=~=~=~=~=~=
[0;32mI (1197) spiram: SPI SRAM memory test OK[0m
[0;32mI (1205) cpu_start: Pro cpu start user code[0m
[0;32mI (1205) cpu_start: cpu freq: 160000000[0m
[0;32mI (1205) cpu_start: Application information:[0m
[0;32mI (1208) cpu_start: Project name:     blink[0m
[0;32mI (1213) cpu_start: App version:      5c639a7-dirty[0m
[0;32mI (1219) cpu_start: Compile time:     Jan 23 2023 19:42:41[0m
[0;32mI (1225) cpu_start: ELF file SHA256:  1ae4fd805558bfec...[0m
[0;32mI (1231) cpu_start: ESP-IDF:          v4.4.2[0m
[0;32mI (1236) heap_init: Initializing. RAM available for dynamic allocation:[0m
[0;32mI (1243) heap_init: At 3FFAE6E0 len 00001920 (6 KiB): DRAM[0m
[0;32mI (1249) heap_init: At 3FFB4598 len 0002BA68 (174 KiB): DRAM[0m
[0;32mI (1256) heap_init: At 3FFE0440 len 00003AE0 (14 KiB): D/IRAM[0m
[0;32mI (1262) heap_init: At 3FFE4350 len 0001BCB0 (111 KiB): D/IRAM[0m
[0;32mI (1269) heap_init: At 40094324 len 0000BCDC (47 KiB): IRAM[0m
[0;32mI (1275) spiram: Adding pool of 4095K of external SPI memory to heap allocator[0m

Brownout detector was triggered

ets Jun  8 2016 00:22:57

rst:0xc (SW_CPU_RESET),boot:0x13 (SPI_FAST_FLASH_BOOT)
configsip: 0, SPIWP:0xee
clk_drv:0x00,q_drv:0x00,d_drv:0x00,cs0_drv:0x00,hd_drv:0x00,wp_drv:0x00
mode:DIO, clock div:2
load:0x3fff0030,len:6660
load:0x40078000,len:14848
ho 0 tail 12 room 4
load:0x40080400,len:3792
entry 0x40080694
[0;32mI (29) boot: ESP-IDF v4.4.2 2nd stage bootloader[0m
[0;32mI (29) boot: compile time 19:18:33[0m
[0;32mI (29) boot: chip revision: 1[0m
[0;32mI (32) boot_comm: chip revision: 1, min. bootloader chip revision: 0[0m
[0;32mI (39) boot.esp32: SPI Speed      : 40MHz[0m
[0;32mI (43) boot.esp32: SPI Mode       : DIO[0m
[0;32mI (48) boot.esp32: SPI Flash Size : 4MB[0m
[0;32mI (52) boot: Enabling RNG early entropy source...[0m
[0;32mI (58) boot: Partition Table:[0m
[0;32mI (61) boot: ## Label            Usage          Type ST Offset   Length[0m
[0;32mI (69) boot:  0 nvs              WiFi data        01 02 00009000 00006000[0m
[0;32mI (76) boot:  1 phy_init         RF data          01 01 0000f000 00001000[0m
[0;32mI (84) boot:  2 factory          factory app      00 00 00010000 00100000[0m
[0;32mI (91) boot: End of partition table[0m
[0;32mI (95) boot_comm: chip revision: 1, min. application chip revision: 0[0m
[0;32mI (102) esp_image: segment 0: paddr=00010020 vaddr=3f400020 size=15480h ( 87168) map[0m
[0;32mI (143) esp_image: segment 1: paddr=000254a8 vaddr=3ffb0000 size=03b00h ( 15104) load[0m
[0;32mI (149) esp_image: segment 2: paddr=00028fb0 vaddr=40080000 size=07068h ( 28776) load[0m
[0;32mI (161) esp_image: segment 3: paddr=00030020 vaddr=400d0020 size=3892ch (231724) map[0m
[0;32mI (245) esp_image: segment 4: paddr=00068954 vaddr=40087068 size=0d2bch ( 53948) load[0m
[0;32mI (267) esp_image: segment 5: paddr=00075c18 vaddr=50000000 size=00010h (    16) load[0m
[0;32mI (278) boot: Loaded app from partition at offset 0x10000[0m
[0;32mI (278) boot: Disabling RNG early entropy source...[0m
[0;32mI (290) psram: This chip is ESP32-D0WD[0m
[0;32mI (292) spiram: Found 64MBit SPI RAM device[0m
[0;32mI (292) spiram: SPI RAM mode: flash 40m sram 40m[0m
[0;32mI (295) spiram: PSRAM initialized, cache is in low/high (2-core) mode.[0m
[0;32mI (303) cpu_start: Pro cpu up.[0m
[0;32mI (306) cpu_start: Starting app cpu, entry point is 0x4008158c[0m
[0;32mI (299) cpu_start: App cpu up.[0m
[0;32mI (1197) spiram: SPI SRAM memory test OK[0m
[0;32mI (1205) cpu_start: Pro cpu start user code[0m
[0;32mI (1205) cpu_start: cpu freq: 160000000[0m
[0;32mI (1205) cpu_start: Application information:[0m
[0;32mI (1208) cpu_start: Project name:     blink[0m
[0;32mI (1213) cpu_start: App version:      5c639a7-dirty[0m
[0;32mI (1219) cpu_start: Compile time:     Jan 23 2023 19:42:41[0m
[0;32mI (1225) cpu_start: ELF file SHA256:  1ae4fd805558bfec...[0m
[0;32mI (1231) cpu_start: ESP-IDF:          v4.4.2[0m
[0;32mI (1236) heap_init: Initializing. RAM available for dynamic allocation:[0m
[0;32mI (1243) heap_init: At 3FFAE6E0 len 00001920 (6 KiB): DRAM[0m
[0;32mI (1250) heap_init: At 3FFB4598 len 0002BA68 (174 KiB): DRAM[0m
[0;32mI (1256) heap_init: At 3FFE0440 len 00003AE0 (14 KiB): D/IRAM[0m
[0;32mI (1262) heap_init: At 3FFE4350 len 0001BCB0 (111 KiB): D/IRAM[0m
[0;32mI (1269) heap_init: At 40094324 len 0000BCDC (47 KiB): IRAM[0m
[0;32mI (1275) spiram: Adding pool of 4095K of external SPI memory to heap allocator[0m

Brownout detector was triggered

ets Jun  8 2016 00:22:57

rst:0xc (SW_CPU_RESET),boot:0x13 (SPI_FAST_FLASH_BOOT)
configsip: 0, SPIWP:0xee
clk_drv:0x00,q_drv:0x00,d_drv:0x00,cs0_drv:0x00,hd_drv:0x00,wp_drv:0x00
mode:DIO, clock div:2
load:0x3fff0030,len:6660
load:0x40078000,len:14848
ho 0 tail 12 room 4
load:0x40080400,len:3792
entry 0x40080694
[0;32mI (29) boot: ESP-IDF v4.4.2 2nd stage bootloader[0m
[0;32mI (29) boot: compile time 19:18:33[0m
[0;32mI (29) boot: chip revision: 1[0m
[0;32mI (32) boot_comm: chip revision: 1, min. bootloader chip revision: 0[0m
[0;32mI (39) boot.esp32: SPI Speed      : 40MHz[0m
[0;32mI (43) boot.esp32: SPI Mode       : DIO[0m
[0;32mI (48) boot.esp32: SPI Flash Size : 4MB[0m
[0;32mI (52) boot: Enabling RNG early entropy source...[0m
[0;32mI (58) boot: Partition Table:[0m
[0;32mI (61) boot: ## Label            Usage          Type ST Offset   Length[0m
[0;32mI (69) boot:  0 nvs              WiFi data        01 02 00009000 00006000[0m
[0;32mI (76) boot:  1 phy_init         RF data          01 01 0000f000 00001000[0m
[0;32mI (84) boot:  2 factory          factory app      00 00 00010000 00100000[0m
[0;32mI (91) boot: End of partition table[0m
[0;32mI (95) boot_comm: chip revision: 1, min. application chip revision: 0[0m
[0;32mI (102) esp_image: segment 0: paddr=00010020 vaddr=3f400020 size=15480h ( 87168) map[0m
[0;32mI (143) esp_image: segment 1: paddr=000254a8 vaddr=3ffb0000 size=03b00h ( 15104) load[0m
[0;32mI (149) esp_image: segment 2: paddr=00028fb0 vaddr=40080000 size=07068h ( 28776) load[0m
[0;32mI (161) esp_image: segment 3: paddr=00030020 vaddr=400d0020 size=3892ch (231724) map[0m
[0;32mI (245) esp_image: segment 4: paddr=00068954 vaddr=40087068 size=0d2bch ( 53948) load[0m
[0;32mI (267) esp_image: segment 5: paddr=00075c18 vaddr=50000000 size=00010h (    16) load[0m
[0;32mI (278) boot: Loaded app from partition at offset 0x10000[0m
[0;32mI (278) boot: Disabling RNG early entropy source...[0m
[0;32mI (290) psram: This chip is ESP32-D0WD[0m
[0;32mI (292) spiram: Found 64MBit SPI RAM device[0m
[0;32mI (292) spiram: SPI RAM mode: flash 40m sram 40m[0m
[0;32mI (295) spiram: PSRAM initialized, cache is in low/high (2-core) mode.[0m
[0;32mI (303) cpu_start: Pro cpu up.[0m
[0;32mI (306) cpu_start: Starting app cpu, entry point is 0x4008158c[0m
[0;32mI (299) cpu_start: App cpu up.[0m
[0;32mI (1197) spiram: SPI SRAM memory test OK[0m
[0;32mI (1205) cpu_start: Pro cpu start user code[0m
[0;32mI (1205) cpu_start: cpu freq: 160000000[0m
[0;32mI (1205) cpu_start: Application information:[0m
[0;32mI (1208) cpu_start: Project name:     blink[0m
[0;32mI (1213) cpu_start: App version:      5c639a7-dirty[0m
[0;32mI (1219) cpu_start: Compile time:     Jan 23 2023 19:42:41[0m
[0;32mI (1225) cpu_start: ELF file SHA256:  1ae4fd805558bfec...[0m
[0;32mI (1231) cpu_start: ESP-IDF:          v4.4.2[0m
[0;32mI (1236) heap_init: Initializing. RAM available for dynamic allocation:[0m
[0;32mI (1243) heap_init: At 3FFAE6E0 len 00001920 (6 KiB): DRAM[0m
[0;32mI (1249) heap_init: At 3FFB4598 len 0002BA68 (174 KiB): DRAM[0m
[0;32mI (1256) heap_init: At 3FFE0440 len 00003AE0 (14 KiB): D/IRAM[0m
[0;32mI (1262) heap_init: At 3FFE4350 len 0001BCB0 (111 KiB): D/IRAM[0m
[0;32mI (1269) heap_init: At 40094324 len 0000BCDC (47 KiB): IRAM[0m
[0;32mI (1275) spiram: Adding pool of 4095K of external SPI memory to heap allocator[0m

Brownout detector was triggered

ets Jun  8 2016 00:22:57

rst:0xc (SW_CPU_RESET),boot:0x13 (SPI_FAST_FLASH_BOOT)
configsip: 0, SPIWP:0xee
clk_drv:0x00,q_drv:0x00,d_drv:0x00,cs0_drv:0x00,hd_drv:0x00,wp_drv:0x00
mode:DIO, clock div:2
load:0x3fff0030,len:6660
load:0x40078000,len:14848
ho 0 tail 12 room 4
load:0x40080400,len:3792
entry 0x40080694
[0;32mI (29) boot: ESP-IDF v4.4.2 2nd stage bootloader[0m
[0;32mI (29) boot: compile time 19:18:33[0m
[0;32mI (29) boot: chip revision: 1[0m
[0;32mI (32) boot_comm: chip revision: 1, min. bootloader chip revision: 0[0m
[0;32mI (39) boot.esp32: SPI Speed      : 40MHz[0m
[0;32mI (43) boot.esp32: SPI Mode       : DIO[0m
[0;32mI (48) boot.esp32: SPI Flash Size : 4MB[0m
[0;32mI (52) boot: Enabling RNG early entropy source...[0m
[0;32mI (58) boot: Partition Table:[0m
[0;32mI (61) boot: ## Label            Usage          Type ST Offset   Length[0m
[0;32mI (69) boot:  0 nvs              WiFi data        01 02 00009000 00006000[0m
[0;32mI (76) boot:  1 phy_init         RF data          01 01 0000f000 00001000[0m
[0;32mI (84) boot:  2 factory          factory app      00 00 00010000 00100000[0m
[0;32mI (91) boot: End of partition table[0m
[0;32mI (95) boot_comm: chip revision: 1, min. application chip revision: 0[0m
[0;32mI (102) esp_image: segment 0: paddr=00010020 vaddr=3f400020 size=15480h ( 87168) map[0m
[0;32mI (143) esp_image: segment 1: paddr=000254a8 vaddr=3ffb0000 size=03b00h ( 15104) load[0m
[0;32mI (149) esp_image: segment 2: paddr=00028fb0 vaddr=40080000 size=07068h ( 28776) load[0m
[0;32mI (161) esp_image: segment 3: paddr=00030020 vaddr=400d0020 size=3892ch (231724) map[0m
[0;32mI (245) esp_image: segment 4: paddr=00068954 vaddr=40087068 size=0d2bch ( 53948) load[0m
[0;32mI (267) esp_image: segment 5: paddr=00075c18 vaddr=50000000 size=00010h (    16) load[0m
[0;32mI (278) boot: Loaded app from partition at offset 0x10000[0m
[0;32mI (278) boot: Disabling RNG early entropy source...[0m
[0;32mI (290) psram: This chip is ESP32-D0WD[0m
[0;32mI (292) spiram: Found 64MBit SPI RAM device[0m
[0;32mI (292) spiram: SPI RAM mode: flash 40m sram 40m[0m
[0;32mI (295) spiram: PSRAM initialized, cache is in low/high (2-core) mode.[0m
[0;32mI (303) cpu_start: Pro cpu up.[0m
[0;32mI (306) cpu_start: Starting app cpu, entry point is 0x4008158c[0m
[0;32mI (299) cpu_start: App cpu up.[0m
[0;32mI (1197) spiram: SPI SRAM memory test OK[0m
[0;32mI (1205) cpu_start: Pro cpu start user code[0m
[0;32mI (1205) cpu_start: cpu freq: 160000000[0m
[0;32mI (1205) cpu_start: Application information:[0m
[0;32mI (1208) cpu_start: Project name:     blink[0m
[0;32mI (1213) cpu_start: App version:      5c639a7-dirty[0m
[0;32mI (1219) cpu_start: Compile time:     Jan 23 2023 19:42:41[0m
[0;32mI (1225) cpu_start: ELF file SHA256:  1ae4fd805558bfec...[0m
[0;32mI (1231) cpu_start: ESP-IDF:          v4.4.2[0m
[0;32mI (1236) heap_init: Initializing. RAM available for dynamic allocation:[0m
[0;32mI (1243) heap_init: At 3FFAE6E0 len 00001920 (6 KiB): DRAM[0m
[0;32mI (1249) heap_init: At 3FFB4598 len 0002BA68 (174 KiB): DRAM[0m
[0;32mI (1256) heap_init: At 3FFE0440 len 00003AE0 (14 KiB): D/IRAM[0m
[0;32mI (1262) heap_init: At 3FFE4350 len 0001BCB0 (111 KiB): D/IRAM[0m
[0;32mI (1269) heap_init: At 40094324 len 0000BCDC (47 KiB): IRAM[0m
[0;32mI (1275) spiram: Adding pool of 4095K of external SPI memory to heap allocator[0m

Brownout detector was triggered

ets Jun  8 2016 00:22:57

rst:0xc (SW_CPU_RESET),boot:0x13 (SPI_FAST_FLASH_BOOT)
configsip: 0, SPIWP:0xee
clk_drv:0x00,q_drv:0x00,d_drv:0x00,cs0_drv:0x00,hd_drv:0x00,wp_drv:0x00
mode:DIO, clock div:2
load:0x3fff0030,len:6660
load:0x40078000,len:14848
ho 0 tail 12 room 4
load:0x40080400,len:3792
entry 0x40080694
[0;32mI (29) boot: ESP-IDF v4.4.2 2nd stage bootloader[0m
[0;32mI (29) boot: compile time 19:18:33[0m
[0;32mI (29) boot: chip revision: 1[0m
[0;32mI (32) boot_comm: chip revision: 1, min. bootloader chip revision: 0[0m
[0;32mI (39) boot.esp32: SPI Speed      : 40MHz[0m
[0;32mI (43) boot.esp32: SPI Mode       : DIO[0m
[0;32mI (48) boot.esp32: SPI Flash Size : 4MB[0m
[0;32mI (52) boot: Enabling RNG early entropy source...[0m
[0;32mI (58) boot: Partition Table:[0m
[0;32mI (61) boot: ## Label            Usage          Type ST Offset   Length[0m
[0;32mI (69) boot:  0 nvs              WiFi data        01 02 00009000 00006000[0m
[0;32mI (76) boot:  1 phy_init         RF data          01 01 0000f000 00001000[0m
[0;32mI (84) boot:  2 factory          factory app      00 00 00010000 00100000[0m
[0;32mI (91) boot: End of partition table[0m
[0;32mI (95) boot_comm: chip revision: 1, min. application chip revision: 0[0m
[0;32mI (102) esp_image: segment 0: paddr=00010020 vaddr=3f400020 size=15480h ( 87168) map[0m
[0;32mI (143) esp_image: segment 1: paddr=000254a8 vaddr=3ffb0000 size=03b00h ( 15104) load[0m
[0;32mI (149) esp_image: segment 2: paddr=00028fb0 vaddr=40080000 size=07068h ( 28776) load[0m
[0;32mI (161) esp_image: segment 3: paddr=00030020 vaddr=400d0020 size=3892ch (231724) map[0m
[0;32mI (245) esp_image: segment 4: paddr=00068954 vaddr=40087068 size=0d2bch ( 53948) load[0m
[0;32mI (267) esp_image: segment 5: paddr=00075c18 vaddr=50000000 size=00010h (    16) load[0m
[0;32mI (278) boot: Loaded app from partition at offset 0x10000[0m
[0;32mI (278) boot: Disabling RNG early entropy source...[0m
[0;32mI (290) psram: This chip is ESP32-D0WD[0m
[0;32mI (292) spiram: Found 64MBit SPI RAM device[0m
[0;32mI (292) spiram: SPI RAM mode: flash 40m sram 40m[0m
[0;32mI (295) spiram: PSRAM initialized, cache is in low/high (2-core) mode.[0m
[0;32mI (303) cpu_start: Pro cpu up.[0m
[0;32mI (306) cpu_start: Starting app cpu, entry point is 0x4008158c[0m
[0;32mI (299) cpu_start: App cpu up.[0m
[0;32mI (1197) spiram: SPI SRAM memory test OK[0m
[0;32mI (1205) cpu_start: Pro cpu start user code[0m
[0;32mI (1205) cpu_start: cpu freq: 160000000[0m
[0;32mI (1205) cpu_start: Application information:[0m
[0;32mI (1208) cpu_start: Project name:     blink[0m
[0;32mI (1213) cpu_start: App version:      5c639a7-dirty[0m
[0;32mI (1219) cpu_start: Compile time:     Jan 23 2023 19:42:41[0m
[0;32mI (1225) cpu_start: ELF file SHA256:  1ae4fd805558bfec...[0m
[0;32mI (1231) cpu_start: ESP-IDF:          v4.4.2[0m
[0;32mI (1236) heap_init: Initializing. RAM available for dynamic allocation:[0m
[0;32mI (1243) heap_init: At 3FFAE6E0 len 00001920 (6 KiB): DRAM[0m
[0;32mI (1250) heap_init: At 3FFB4598 len 0002BA68 (174 KiB): DRAM[0m
[0;32mI (1256) heap_init: At 3FFE0440 len 00003AE0 (14 KiB): D/IRAM[0m
[0;32mI (1262) heap_init: At 3FFE4350 len 0001BCB0 (111 KiB): D/IRAM[0m
[0;32mI (1269) heap_init: At 40094324 len 0000BCDC (47 KiB): IRAM[0m
[0;32mI (1275) spiram: Adding pool of 4095K of external SPI memory to heap allocator[0m

Brownout detector was triggered

ets Jun  8 2016 00:22:57

rst:0xc (SW_CPU_RESET),boot:0x13 (SPI_FAST_FLASH_BOOT)
configsip: 0, SPIWP:0xee
clk_drv:0x00,q_drv:0x00,d_drv:0x00,cs0_drv:0x00,hd_drv:0x00,wp_drv:0x00
mode:DIO, clock div:2
load:0x3fff0030,len:6660
load:0x40078000,len:14848
ho 0 tail 12 room 4
load:0x40080400,len:3792
entry 0x40080694
[0;32mI (29) boot: ESP-IDF v4.4.2 2nd stage bootloader[0m
[0;32mI (29) boot: compile time 19:18:33[0m
[0;32mI (29) boot: chip revision: 1[0m
[0;32mI (32) boot_comm: chip revision: 1, min. bootloader chip revision: 0[0m
[0;32mI (39) boot.esp32: SPI Speed      : 40MHz[0m
[0;32mI (43) boot.esp32: SPI Mode       : DIO[0m
[0;32mI (48) boot.esp32: SPI Flash Size : 4MB[0m
[0;32mI (52) boot: Enabling RNG early entropy source...[0m
[0;32mI (58) boot: Partition Table:[0m
[0;32mI (61) boot: ## Label            Usage          Type ST Offset   Length[0m
[0;32mI (69) boot:  0 nvs              WiFi data        01 02 00009000 00006000[0m
[0;32mI (76) boot:  1 phy_init         RF data          01 01 0000f000 00001000[0m
[0;32mI (84) boot:  2 factory          factory app      00 00 00010000 00100000[0m
[0;32mI (91) boot: End of partition table[0m
[0;32mI (95) boot_comm: chip revision: 1, min. application chip revision: 0[0m
[0;32mI (102) esp_image: segment 0: paddr=00010020 vaddr=3f400020 size=15480h ( 87168) map[0m
[0;32mI (143) esp_image: segment 1: paddr=000254a8 vaddr=3ffb0000 size=03b00h ( 15104) load[0m
[0;32mI (149) esp_image: segment 2: paddr=00028fb0 vaddr=40080000 size=07068h ( 28776) load[0m
[0;32mI (161) esp_image: segment 3: paddr=00030020 vaddr=400d0020 size=3892ch (231724) map[0m
[0;32mI (245) esp_image: segment 4: paddr=00068954 vaddr=40087068 size=0d2bch ( 53948) load[0m
[0;32mI (267) esp_image: segment 5: paddr=00075c18 vaddr=50000000 size=00010h (    16) load[0m
[0;32mI (278) boot: Loaded app from partition at offset 0x10000[0m
[0;32mI (278) boot: Disabling RNG early entropy source...[0m
[0;32mI (290) psram: This chip is ESP32-D0WD[0m
[0;32mI (292) spiram: Found 64MBit SPI RAM device[0m
[0;32mI (292) spiram: SPI RAM mode: flash 40m sram 40m[0m
[0;32mI (295) spiram: PSRAM initialized, cache is in low/high (2-core) mode.[0m
[0;32mI (303) cpu_start: Pro cpu up.[0m
[0;32mI (306) cpu_start: Starting app cpu, entry point is 0x4008158c[0m
[0;32mI (299) cpu_start: App cpu up.[0m
[0;32mI (1197) spiram: SPI SRAM memory test OK[0m
[0;32mI (1205) cpu_start: Pro cpu start user code[0m
[0;32mI (1205) cpu_start: cpu freq: 160000000[0m
[0;32mI (1205) cpu_start: Application information:[0m
[0;32mI (1208) cpu_start: Project name:     blink[0m
[0;32mI (1213) cpu_start: App version:      5c639a7-dirty[0m
[0;32mI (1219) cpu_start: Compile time:     Jan 23 2023 19:42:41[0m
[0;32mI (1225) cpu_start: ELF file SHA256:  1ae4fd805558bfec...[0m
[0;32mI (1231) cpu_start: ESP-IDF:          v4.4.2[0m
[0;32mI (1236) heap_init: Initializing. RAM available for dynamic allocation:[0m
[0;32mI (1243) heap_init: At 3FFAE6E0 len 00001920 (6 KiB): DRAM[0m
[0;32mI (1249) heap_init: At 3FFB4598 len 0002BA68 (174 KiB): DRAM[0m
[0;32mI (1256) heap_init: At 3FFE0440 len 00003AE0 (14 KiB): D/IRAM[0m
[0;32mI (1262) heap_init: At 3FFE4350 len 0001BCB0 (111 KiB): D/IRAM[0m
[0;32mI (1269) heap_init: At 40094324 len 0000BCDC (47 KiB): IRAM[0m
[0;32mI (1275) spiram: Adding pool of 4095K of external SPI memory to heap allocator[0m

Brownout detector was triggered

ets Jun  8 2016 00:22:57

rst:0xc (SW_CPU_RESET),boot:0x13 (SPI_FAST_FLASH_BOOT)
configsip: 0, SPIWP:0xee
clk_drv:0x00,q_drv:0x00,d_drv:0x00,cs0_drv:0x00,hd_drv:0x00,wp_drv:0x00
mode:DIO, clock div:2
load:0x3fff0030,len:6660
load:0x40078000,len:14848
ho 0 tail 12 room 4
load:0x40080400,len:3792
entry 0x40080694
[0;32mI (29) boot: ESP-IDF v4.4.2 2nd stage bootloader[0m
[0;32mI (29) boot: compile time 19:18:33[0m
[0;32mI (29) boot: chip revision: 1[0m
[0;32mI (32) boot_comm: chip revision: 1, min. bootloader chip revision: 0[0m
[0;32mI (39) boot.esp32: SPI Speed      : 40MHz[0m
[0;32mI (43) boot.esp32: SPI Mode       : DIO[0m
[0;32mI (48) boot.esp32: SPI Flash Size : 4MB[0m
[0;32mI (52) boot: Enabling RNG early entropy source...[0m
[0;32mI (58) boot: Partition Table:[0m
[0;32mI (61) boot: ## Label            Usage          Type ST Offset   Length[0m
[0;32mI (69) boot:  0 nvs              WiFi data        01 02 00009000 00006000[0m
[0;32mI (76) boot:  1 phy_init         RF data          01 01 0000f000 00001000[0m
[0;32mI (84) boot:  2 factory          factory app      00 00 00010000 00100000[0m
[0;32mI (91) boot: End of partition table[0m
[0;32mI (95) boot_comm: chip revision: 1, min. application chip revision: 0[0m
[0;32mI (102) esp_image: segment 0: paddr=00010020 vaddr=3f400020 size=15480h ( 87168) map[0m
[0;32mI (143) esp_image: segment 1: paddr=000254a8 vaddr=3ffb0000 size=03b00h ( 15104) load[0m
[0;32mI (149) esp_image: segment 2: paddr=00028fb0 vaddr=40080000 size=07068h ( 28776) load[0m
[0;32mI (161) esp_image: segment 3: paddr=00030020 vaddr=400d0020 size=3892ch (231724) map[0m
[0;32mI (245) esp_image: segment 4: paddr=00068954 vaddr=40087068 size=0d2bch ( 53948) load[0m
[0;32mI (267) esp_image: segment 5: paddr=00075c18 vaddr=50000000 size=00010h (    16) load[0m
[0;32mI (278) boot: Loaded app from partition at offset 0x10000[0m
[0;32mI (278) boot: Disabling RNG early entropy source...[0m
[0;32mI (290) psram: This chip is ESP32-D0WD[0m
[0;32mI (292) spiram: Found 64MBit SPI RAM device[0m
[0;32mI (292) spiram: SPI RAM mode: flash 40m sram 40m[0m
[0;32mI (295) spiram: PSRAM initialized, cache is in low/high (2-core) mode.[0m
[0;32mI (303) cpu_start: Pro cpu up.[0m
[0;32mI (306) cpu_start: Starting app cpu, entry point is 0x4008158c[0m
[0;32mI (299) cpu_start: App cpu up.[0m
[0;32mI (1197) spiram: SPI SRAM memory test OK[0m
[0;32mI (1205) cpu_start: Pro cpu start user code[0m
[0;32mI (1205) cpu_start: cpu freq: 160000000[0m
[0;32mI (1205) cpu_start: Application information:[0m
[0;32mI (1208) cpu_start: Project name:     blink[0m
[0;32mI (1213) cpu_start: App version:      5c639a7-dirty[0m
[0;32mI (1219) cpu_start: Compile time:     Jan 23 2023 19:42:41[0m
[0;32mI (1225) cpu_start: ELF file SHA256:  1ae4fd805558bfec...[0m
[0;32mI (1231) cpu_start: ESP-IDF:          v4.4.2[0m
[0;32mI (1236) heap_init: Initializing. RAM available for dynamic allocation:[0m
[0;32mI (1243) heap_init: At 3FFAE6E0 len 00001920 (6 KiB): DRAM[0m
[0;32mI (1249) heap_init: At 3FFB4598 len 0002BA68 (174 KiB): DRAM[0m
[0;32mI (1256) heap_init: At 3FFE0440 len 00003AE0 (14 KiB): D/IRAM[0m
[0;32mI (1262) heap_init: At 3FFE4350 len 0001BCB0 (111 KiB): D/IRAM[0m
[0;32mI (1269) heap_init: At 40094324 len 0000BCDC (47 KiB): IRAM[0m
[0;32mI (1275) spiram: Adding pool of 4095K of external SPI memory to heap allocator[0m

Brownout detector was triggered

ets Jun  8 2016 00:22:57

rst:0xc (SW_CPU_RESET),boot:0x13 (SPI_FAST_FLASH_BOOT)
configsip: 0, SPIWP:0xee
clk_drv:0x00,q_drv:0x00,d_drv:0x00,cs0_drv:0x00,hd_drv:0x00,wp_drv:0x00
mode:DIO, clock div:2
load:0x3fff0030,len:6660
load:0x40078000,len:14848
ho 0 tail 12 room 4
load:0x40080400,len:3792
entry 0x40080694
[0;32mI (29) boot: ESP-IDF v4.4.2 2nd stage bootloader[0m
[0;32mI (29) boot: compile time 19:18:33[0m
[0;32mI (29) boot: chip revision: 1[0m
[0;32mI (32) boot_comm: chip revision: 1, min. bootloader chip revision: 0[0m
[0;32mI (39) boot.esp32: SPI Speed      : 40MHz[0m
[0;32mI (43) boot.esp32: SPI Mode       : DIO[0m
[0;32mI (48) boot.esp32: SPI Flash Size : 4MB[0m
[0;32mI (52) boot: Enabling RNG early entropy source...[0m
[0;32mI (58) boot: Partition Table:[0m
[0;32mI (61) boot: ## Label            Usage          Type ST Offset   Length[0m
[0;32mI (69) boot:  0 nvs              WiFi data        01 02 00009000 00006000[0m
[0;32mI (76) boot:  1 phy_init         RF data          01 01 0000f000 00001000[0m
[0;32mI (84) boot:  2 factory          factory app      00 00 00010000 00100000[0m
[0;32mI (91) boot: End of partition table[0m
[0;32mI (95) boot_comm: chip revision: 1, min. application chip revision: 0[0m
[0;32mI (102) esp_image: segment 0: paddr=00010020 vaddr=3f400020 size=15480h ( 87168) map[0m
[0;32mI (143) esp_image: segment 1: paddr=000254a8 vaddr=3ffb0000 size=03b00h ( 15104) load[0m
[0;32mI (149) esp_image: segment 2: paddr=00028fb0 vaddr=40080000 size=07068h ( 28776) load[0m
[0;32mI (161) esp_image: segment 3: paddr=00030020 vaddr=400d0020 size=3892ch (231724) map[0m
[0;32mI (245) esp_image: segment 4: paddr=00068954 vaddr=40087068 size=0d2bch ( 53948) load[0m
[0;32mI (267) esp_image: segment 5: paddr=00075c18 vaddr=50000000 size=00010h (    16) load[0m
[0;32mI (278) boot: Loaded app from partition at offset 0x10000[0m
[0;32mI (278) boot: Disabling RNG early entropy source...[0m
[0;32mI (290) psram: This chip is ESP32-D0WD[0m
[0;32mI (292) spiram: Found 64MBit SPI RAM device[0m
[0;32mI (292) spiram: SPI RAM mode: flash 40m sram 40m[0m
[0;32mI (295) spiram: PSRAM initialized, cache is in low/high (2-core) mode.[0m
[0;32mI (303) cpu_start: Pro cpu up.[0m
[0;32mI (306) cpu_start: Starting app cpu, entry point is 0x4008158c[0m
[0;32mI (299) cpu_start: App cpu up.[0m
[0;32mI (1197) spiram: SPI SRAM memory test OK[0m
[0;32mI (1205) cpu_start: Pro cpu start user code[0m
[0;32mI (1205) cpu_start: cpu freq: 160000000[0m
[0;32mI (1205) cpu_start: Application information:[0m
[0;32mI (1208) cpu_start: Project name:     blink[0m
[0;32mI (1213) cpu_start: App version:      5c639a7-dirty[0m
[0;32mI (1219) cpu_start: Compile time:     Jan 23 2023 19:42:41[0m
[0;32mI (1225) cpu_start: ELF file SHA256:  1ae4fd805558bfec...[0m
[0;32mI (1231) cpu_start: ESP-IDF:          v4.4.2[0m
[0;32mI (1236) heap_init: Initializing. RAM available for dynamic allocation:[0m
[0;32mI (1243) heap_init: At 3FFAE6E0 len 00001920 (6 KiB): DRAM[0m
[0;32mI (1249) heap_init: At 3FFB4598 len 0002BA68 (174 KiB): DRAM[0m
[0;32mI (1256) heap_init: At 3FFE0440 len 00003AE0 (14 KiB): D/IRAM[0m
[0;32mI (1262) heap_init: At 3FFE4350 len 0001BCB0 (111 KiB): D/IRAM[0m
[0;32mI (1269) heap_init: At 40094324 len 0000BCDC (47 KiB): IRAM[0m
[0;32mI (1275) spiram: Adding pool of 4095K of external SPI memory to heap allocator[0m

Brownout detector was triggered

ets Jun  8 2016 00:22:57

rst:0xc (SW_CPU_RESET),boot:0x13 (SPI_FAST_FLASH_BOOT)
configsip: 0, SPIWP:0xee
clk_drv:0x00,q_drv:0x00,d_drv:0x00,cs0_drv:0x00,hd_drv:0x00,wp_drv:0x00
mode:DIO, clock div:2
load:0x3fff0030,len:6660
load:0x40078000,len:14848
ho 0 tail 12 room 4
load:0x40080400,len:3792
entry 0x40080694
[0;32mI (29) boot: ESP-IDF v4.4.2 2nd stage bootloader[0m
[0;32mI (29) boot: compile time 19:18:33[0m
[0;32mI (29) boot: chip revision: 1[0m
[0;32mI (32) boot_comm: chip revision: 1, min. bootloader chip revision: 0[0m
[0;32mI (39) boot.esp32: SPI Speed      : 40MHz[0m
[0;32mI (43) boot.esp32: SPI Mode       : DIO[0m
[0;32mI (48) boot.esp32: SPI Flash Size : 4MB[0m
[0;32mI (52) boot: Enabling RNG early entropy source...[0m
[0;32mI (58) boot: Partition Table:[0m
[0;32mI (61) boot: ## Label            Usage          Type ST Offset   Length[0m
[0;32mI (69) boot:  0 nvs              WiFi data        01 02 00009000 00006000[0m
[0;32mI (76) boot:  1 phy_init         RF data          01 01 0000f000 00001000[0m
[0;32mI (84) boot:  2 factory          factory app      00 00 00010000 00100000[0m
[0;32mI (91) boot: End of partition table[0m
[0;32mI (95) boot_comm: chip revision: 1, min. application chip revision: 0[0m
[0;32mI (102) esp_image: segment 0: paddr=00010020 vaddr=3f400020 size=15480h ( 87168) map[0m
[0;32mI (143) esp_image: segment 1: paddr=000254a8 vaddr=3ffb0000 size=03b00h ( 15104) load[0m
[0;32mI (149) esp_image: segment 2: paddr=00028fb0 vaddr=40080000 size=07068h ( 28776) load[0m
[0;32mI (161) esp_image: segment 3: paddr=00030020 vaddr=400d0020 size=3892ch (231724) map[0m
[0;32mI (245) esp_image: segment 4: paddr=00068954 vaddr=40087068 size=0d2bch ( 53948) load[0m
[0;32mI (267) esp_image: segment 5: paddr=00075c18 vaddr=50000000 size=00010h (    16) load[0m
[0;32mI (278) boot: Loaded app from partition at offset 0x10000[0m
[0;32mI (278) boot: Disabling RNG early entropy source...[0m
[0;32mI (290) psram: This chip is ESP32-D0WD[0m
[0;32mI (292) spiram: Found 64MBit SPI RAM device[0m
[0;32mI (292) spiram: SPI RAM mode: flash 40m sram 40m[0m
[0;32mI (295) spiram: PSRAM initialized, cache is in low/high (2-core) mode.[0m
[0;32mI (303) cpu_start: Pro cpu up.[0m
[0;32mI (306) cpu_start: Starting app cpu, entry point is 0x4008158c[0m
[0;32mI (299) cpu_start: App cpu up.[0m
[0;32mI (1197) spiram: SPI SRAM memory test OK[0m
[0;32mI (1205) cpu_start: Pro cpu start user code[0m
[0;32mI (1205) cpu_start: cpu freq: 160000000[0m
[0;32mI (1205) cpu_start: Application information:[0m
[0;32mI (1208) cpu_start: Project name:     blink[0m
[0;32mI (1213) cpu_start: App version:      5c639a7-dirty[0m
[0;32mI (1219) cpu_start: Compile time:     Jan 23 2023 19:42:41[0m
[0;32mI (1225) cpu_start: ELF file SHA256:  1ae4fd805558bfec...[0m
[0;32mI (1231) cpu_start: ESP-IDF:          v4.4.2[0m
[0;32mI (1236) heap_init: Initializing. RAM available for dynamic allocation:[0m
[0;32mI (1243) heap_init: At 3FFAE6E0 len 00001920 (6 KiB): DRAM[0m
[0;32mI (1249) heap_init: At 3FFB4598 len 0002BA68 (174 KiB): DRAM[0m
[0;32mI (1256) heap_init: At 3FFE0440 len 00003AE0 (14 KiB): D/IRAM[0m
[0;32mI (1262) heap_init: At 3FFE4350 len 0001BCB0 (111 KiB): D/IRAM[0m
[0;32mI (1269) heap_init: At 40094324 len 0000BCDC (47 KiB): IRAM[0m
[0;32mI (1275) spiram: Adding pool of 4095K of external SPI memory to heap allocator[0m

Brownout detector was triggered

ets Jun  8 2016 00:22:57

rst:0xc (SW_CPU_RESET),boot:0x13 (SPI_FAST_FLASH_BOOT)
configsip: 0, SPIWP:0xee
clk_drv:0x00,q_drv:0x00,d_drv:0x00,cs0_drv:0x00,hd_drv:0x00,wp_drv:0x00
mode:DIO, clock div:2
load:0x3fff0030,len:6660
load:0x40078000,len:14848
ho 0 tail 12 room 4
load:0x40080400,len:3792
entry 0x40080694
[0;32mI (29) boot: ESP-IDF v4.4.2 2nd stage bootloader[0m
[0;32mI (29) boot: compile time 19:18:33[0m
[0;32mI (29) boot: chip revision: 1[0m
[0;32mI (32) boot_comm: chip revision: 1, min. bootloader chip revision: 0[0m
[0;32mI (39) boot.esp32: SPI Speed      : 40MHz[0m
[0;32mI (43) boot.esp32: SPI Mode       : DIO[0m
[0;32mI (48) boot.esp32: SPI Flash Size : 4MB[0m
[0;32mI (52) boot: Enabling RNG early entropy source...[0m
[0;32mI (58) boot: Partition Table:[0m
[0;32mI (61) boot: ## Label            Usage          Type ST Offset   Length[0m
[0;32mI (69) boot:  0 nvs              WiFi data        01 02 00009000 00006000[0m
[0;32mI (76) boot:  1 phy_init         RF data          01 01 0000f000 00001000[0m
[0;32mI (84) boot:  2 factory          factory app      00 00 00010000 00100000[0m
[0;32mI (91) boot: End of partition table[0m
[0;32mI (95) boot_comm: chip revision: 1, min. application chip revision: 0[0m
[0;32mI (102) esp_image: segment 0: paddr=00010020 vaddr=3f400020 size=15480h ( 87168) map[0m
[0;32mI (143) esp_image: segment 1: paddr=000254a8 vaddr=3ffb0000 size=03b00h ( 15104) load[0m
[0;32mI (149) esp_image: segment 2: paddr=00028fb0 vaddr=40080000 size=07068h ( 28776) load[0m
[0;32mI (161) esp_image: segment 3: paddr=00030020 vaddr=400d0020 size=3892ch (231724) map[0m
[0;32mI (245) esp_image: segment 4: paddr=00068954 vaddr=40087068 size=0d2bch ( 53948) load[0m
[0;32mI (267) esp_image: segment 5: paddr=00075c18 vaddr=50000000 size=00010h (    16) load[0m
[0;32mI (278) boot: Loaded app from partition at offset 0x10000[0m
[0;32mI (278) boot: Disabling RNG early entropy source...[0m
[0;32mI (290) psram: This chip is ESP32-D0WD[0m
[0;32mI (292) spiram: Found 64MBit SPI RAM device[0m
[0;32mI (292) spiram: SPI RAM mode: flash 40m sram 40m[0m
[0;32mI (295) spiram: PSRAM initialized, cache is in low/high (2-core) mode.[0m
[0;32mI (303) cpu_start: Pro cpu up.[0m
[0;32mI (306) cpu_start: Starting app cpu, entry point is 0x4008158c[0m
[0;32mI (299) cpu_start: App cpu up.[0m
[0;32mI (1197) spiram: SPI SRAM memory test OK[0m
[0;32mI (1205) cpu_start: Pro cpu start user code[0m
[0;32mI (1205) cpu_start: cpu freq: 160000000[0m
[0;32mI (1205) cpu_start: Application information:[0m
[0;32mI (1208) cpu_start: Project name:     blink[0m
[0;32mI (1213) cpu_start: App version:      5c639a7-dirty[0m
[0;32mI (1219) cpu_start: Compile time:     Jan 23 2023 19:42:41[0m
[0;32mI (1225) cpu_start: ELF file SHA256:  1ae4fd805558bfec...[0m
[0;32mI (1231) cpu_start: ESP-IDF:          v4.4.2[0m
[0;32mI (1236) heap_init: Initializing. RAM available for dynamic allocation:[0m
[0;32mI (1243) heap_init: At 3FFAE6E0 len 00001920 (6 KiB): DRAM[0m
[0;32mI (1249) heap_init: At 3FFB4598 len 0002BA68 (174 KiB): DRAM[0m
[0;32mI (1256) heap_init: At 3FFE0440 len 00003AE0 (14 KiB): D/IRAM[0m
[0;32mI (1262) heap_init: At 3FFE4350 len 0001BCB0 (111 KiB): D/IRAM[0m
[0;32mI (1269) heap_init: At 40094324 len 0000BCDC (47 KiB): IRAM[0m
[0;32mI (1275) spiram: Adding pool of 4095K of external SPI memory to heap allocator[0m

Brownout detector was triggered

ets Jun  8 2016 00:22:57

rst:0xc (SW_CPU_RESET),boot:0x13 (SPI_FAST_FLASH_BOOT)
configsip: 0, SPIWP:0xee
clk_drv:0x00,q_drv:0x00,d_drv:0x00,cs0_drv:0x00,hd_drv:0x00,wp_drv:0x00
mode:DIO, clock div:2
load:0x3fff0030,len:6660
load:0x40078000,len:14848
ho 0 tail 12 room 4
load:0x40080400,len:3792
entry 0x40080694
[0;32mI (29) boot: ESP-IDF v4.4.2 2nd stage bootloader[0m
[0;32mI (29) boot: compile time 19:18:33[0m
[0;32mI (29) boot: chip revision: 1[0m
[0;32mI (32) boot_comm: chip revision: 1, min. bootloader chip revision: 0[0m
[0;32mI (39) boot.esp32: SPI Speed      : 40MHz[0m
[0;32mI (43) boot.esp32: SPI Mode       : DIO[0m
[0;32mI (48) boot.esp32: SPI Flash Size : 4MB[0m
[0;32mI (52) boot: Enabling RNG early entropy source...[0m
[0;32mI (58) boot: Partition Table:[0m
[0;32mI (61) boot: ## Label            Usage          Type ST Offset   Length[0m
[0;32mI (69) boot:  0 nvs              WiFi data        01 02 00009000 00006000[0m
[0;32mI (76) boot:  1 phy_init         RF data          01 01 0000f000 00001000[0m
[0;32mI (84) boot:  2 factory          factory app      00 00 00010000 00100000[0m
[0;32mI (91) boot: End of partition table[0m
[0;32mI (95) boot_comm: chip revision: 1, min. application chip revision: 0[0m
[0;32mI (102) esp_image: segment 0: paddr=00010020 vaddr=3f400020 size=15480h ( 87168) map[0m
[0;32mI (143) esp_image: segment 1: paddr=000254a8 vaddr=3ffb0000 size=03b00h ( 15104) load[0m
[0;32mI (149) esp_image: segment 2: paddr=00028fb0 vaddr=40080000 size=07068h ( 28776) load[0m
[0;32mI (161) esp_image: segment 3: paddr=00030020 vaddr=400d0020 size=3892ch (231724) map[0m
[0;32mI (245) esp_image: segment 4: paddr=00068954 vaddr=40087068 size=0d2bch ( 53948) load[0m
[0;32mI (267) esp_image: segment 5: paddr=00075c18 vaddr=50000000 size=00010h (    16) load[0m
[0;32mI (278) boot: Loaded app from partition at offset 0x10000[0m
[0;32mI (278) boot: Disabling RNG early entropy source...[0m
[0;32mI (290) psram: This chip is ESP32-D0WD[0m
[0;32mI (292) spiram: Found 64MBit SPI RAM device[0m
[0;32mI (292) spiram: SPI RAM mode: flash 40m sram 40m[0m
[0;32mI (295) spiram: PSRAM initialized, cache is in low/high (2-core) mode.[0m
[0;32mI (303) cpu_start: Pro cpu up.[0m
[0;32mI (306) cpu_start: Starting app cpu, entry point is 0x4008158c[0m
[0;32mI (299) cpu_start: App cpu up.[0m
[0;32mI (1197) spiram: SPI SRAM memory test OK[0m
[0;32mI (1205) cpu_start: Pro cpu start user code[0m
[0;32mI (1205) cpu_start: cpu freq: 160000000[0m
[0;32mI (1205) cpu_start: Application information:[0m
[0;32mI (1208) cpu_start: Project name:     blink[0m
[0;32mI (1213) cpu_start: App version:      5c639a7-dirty[0m
[0;32mI (1219) cpu_start: Compile time:     Jan 23 2023 19:42:41[0m
[0;32mI (1225) cpu_start: ELF file SHA256:  1ae4fd805558bfec...[0m
[0;32mI (1231) cpu_start: ESP-IDF:          v4.4.2[0m
[0;32mI (1236) heap_init: Initializing. RAM available for dynamic allocation:[0m
[0;32mI (1243) heap_init: At 3FFAE6E0 len 00001920 (6 KiB): DRAM[0m
[0;32mI (1249) heap_init: At 3FFB4598 len 0002BA68 (174 KiB): DRAM[0m
[0;32mI (1256) heap_init: At 3FFE0440 len 00003AE0 (14 KiB): D/IRAM[0m
[0;32mI (1262) heap_init: At 3FFE4350 len 0001BCB0 (111 KiB): D/IRAM[0m
[0;32mI (1269) heap_init: At 40094324 len 0000BCDC (47 KiB): IRAM[0m
[0;32mI (1275) spiram: Adding pool of 4095K of external SPI memory to heap allocator[0m

Brownout detector was triggered

ets Jun  8 2016 00:22:57

rst:0xc (SW_CPU_RESET),boot:0x13 (SPI_FAST_FLASH_BOOT)
configsip: 0, SPIWP:0xee
clk_drv:0x00,q_drv:0x00,d_drv:0x00,cs0_drv:0x00,hd_drv:0x00,wp_drv:0x00
mode:DIO, clock div:2
load:0x3fff0030,len:6660
load:0x40078000,len:14848
ho 0 tail 12 room 4
load:0x40080400,len:3792
entry 0x40080694
[0;32mI (29) boot: ESP-IDF v4.4.2 2nd stage bootloader[0m
[0;32mI (29) boot: compile time 19:18:33[0m
[0;32mI (29) boot: chip revision: 1[0m
[0;32mI (32) boot_comm: chip revision: 1, min. bootloader chip revision: 0[0m
[0;32mI (39) boot.esp32: SPI Speed      : 40MHz[0m
[0;32mI (43) boot.esp32: SPI Mode       : DIO[0m
[0;32mI (48) boot.esp32: SPI Flash Size : 4MB[0m
[0;32mI (52) boot: Enabling RNG early entropy source...[0m
[0;32mI (58) boot: Partition Table:[0m
[0;32mI (61) boot: ## Label            Usage          Type ST Offset   Length[0m
[0;32mI (69) boot:  0 nvs              WiFi data        01 02 00009000 00006000[0m
[0;32mI (76) boot:  1 phy_init         RF data          01 01 0000f000 00001000[0m
[0;32mI (84) boot:  2 factory          factory app      00 00 00010000 00100000[0m
[0;32mI (91) boot: End of partition table[0m
[0;32mI (95) boot_comm: chip revision: 1, min. application chip revision: 0[0m
[0;32mI (102) esp_image: segment 0: paddr=00010020 vaddr=3f400020 size=15480h ( 87168) map[0m
[0;32mI (143) esp_image: segment 1: paddr=000254a8 vaddr=3ffb0000 size=03b00h ( 15104) load[0m
[0;32mI (149) esp_image: segment 2: paddr=00028fb0 vaddr=40080000 size=07068h ( 28776) load[0m
[0;32mI (161) esp_image: segment 3: paddr=00030020 vaddr=400d0020 size=3892ch (231724) map[0m
[0;32mI (245) esp_image: segment 4: paddr=00068954 vaddr=40087068 size=0d2bch ( 53948) load[0m
[0;32mI (267) esp_image: segment 5: paddr=00075c18 vaddr=50000000 size=00010h (    16) load[0m
[0;32mI (278) boot: Loaded app from partition at offset 0x10000[0m
[0;32mI (278) boot: Disabling RNG early entropy source...[0m
[0;32mI (290) psram: This chip is ESP32-D0WD[0m
[0;32mI (292) spiram: Found 64MBit SPI RAM device[0m
[0;32mI (292) spiram: SPI RAM mode: flash 40m sram 40m[0m
[0;32mI (295) spiram: PSRAM initialized, cache is in low/high (2-core) mode.[0m
[0;32mI (303) cpu_start: Pro cpu up.[0m
[0;32mI (306) cpu_start: Starting app cpu, entry point is 0x4008158c[0m
[0;32mI (299) cpu_start: App cpu up.[0m
[0;32mI (1197) spiram: SPI SRAM memory test OK[0m
[0;32mI (1205) cpu_start: Pro cpu start user code[0m
[0;32mI (1205) cpu_start: cpu freq: 160000000[0m
[0;32mI (1205) cpu_start: Application information:[0m
[0;32mI (1208) cpu_start: Project name:     blink[0m
[0;32mI (1213) cpu_start: App version:      5c639a7-dirty[0m
[0;32mI (1219) cpu_start: Compile time:     Jan 23 2023 19:42:41[0m
[0;32mI (1225) cpu_start: ELF file SHA256:  1ae4fd805558bfec...[0m
[0;32mI (1231) cpu_start: ESP-IDF:          v4.4.2[0m
[0;32mI (1236) heap_init: Initializing. RAM available for dynamic allocation:[0m
[0;32mI (1243) heap_init: At 3FFAE6E0 len 00001920 (6 KiB): DRAM[0m
[0;32mI (1249) heap_init: At 3FFB4598 len 0002BA68 (174 KiB): DRAM[0m
[0;32mI (1256) heap_init: At 3FFE0440 len 00003AE0 (14 KiB): D/IRAM[0m
[0;32mI (1262) heap_init: At 3FFE4350 len 0001BCB0 (111 KiB): D/IRAM[0m
[0;32mI (1269) heap_init: At 40094324 len 0000BCDC (47 KiB): IRAM[0m
[0;32mI (1275) spiram: Adding pool of 4095K of external SPI memory to heap allocator[0m

Brownout detector was triggered

ets Jun  8 2016 00:22:57

rst:0xc (SW_CPU_RESET),boot:0x13 (SPI_FAST_FLASH_BOOT)
configsip: 0, SPIWP:0xee
clk_drv:0x00,q_drv:0x00,d_drv:0x00,cs0_drv:0x00,hd_drv:0x00,wp_drv:0x00
mode:DIO, clock div:2
load:0x3fff0030,len:6660
load:0x40078000,len:14848
ho 0 tail 12 room 4
load:0x40080400,len:3792
entry 0x40080694
[0;32mI (29) boot: ESP-IDF v4.4.2 2nd stage bootloader[0m
[0;32mI (29) boot: compile time 19:18:33[0m
[0;32mI (29) boot: chip revision: 1[0m
[0;32mI (32) boot_comm: chip revision: 1, min. bootloader chip revision: 0[0m
[0;32mI (39) boot.esp32: SPI Speed      : 40MHz[0m
[0;32mI (43) boot.esp32: SPI Mode       : DIO[0m
[0;32mI (48) boot.esp32: SPI Flash Size : 4MB[0m
[0;32mI (52) boot: Enabling RNG early entropy source...[0m
[0;32mI (58) boot: Partition Table:[0m
[0;32mI (61) boot: ## Label            Usage          Type ST Offset   Length[0m
[0;32mI (69) boot:  0 nvs              WiFi data        01 02 00009000 00006000[0m
[0;32mI (76) boot:  1 phy_init         RF data          01 01 0000f000 00001000[0m
[0;32mI (84) boot:  2 factory          factory app      00 00 00010000 00100000[0m
[0;32mI (91) boot: End of partition table[0m
[0;32mI (95) boot_comm: chip revision: 1, min. application chip revision: 0[0m
[0;32mI (102) esp_image: segment 0: paddr=00010020 vaddr=3f400020 size=15480h ( 87168) map[0m
[0;32mI (143) esp_image: segment 1: paddr=000254a8 vaddr=3ffb0000 size=03b00h ( 15104) load[0m
[0;32mI (149) esp_image: segment 2: paddr=00028fb0 vaddr=40080000 size=07068h ( 28776) load[0m
[0;32mI (161) esp_image: segment 3: paddr=00030020 vaddr=400d0020 size=3892ch (231724) map[0m
[0;32mI (245) esp_image: segment 4: paddr=00068954 vaddr=40087068 size=0d2bch ( 53948) load[0m
[0;32mI (267) esp_image: segment 5: paddr=00075c18 vaddr=50000000 size=00010h (    16) load[0m
[0;32mI (278) boot: Loaded app from partition at offset 0x10000[0m
[0;32mI (278) boot: Disabling RNG early entropy source...[0m
[0;32mI (290) psram: This chip is ESP32-D0WD[0m
[0;32mI (292) spiram: Found 64MBit SPI RAM device[0m
[0;32mI (292) spiram: SPI RAM mode: flash 40m sram 40m[0m
[0;32mI (295) spiram: PSRAM initialized, cache is in low/high (2-core) mode.[0m
[0;32mI (303) cpu_start: Pro cpu up.[0m
[0;32mI (306) cpu_start: Starting app cpu, entry point is 0x4008158c[0m
[0;32mI (299) cpu_start: App cpu up.[0m
[0;32mI (1197) spiram: SPI SRAM memory test OK[0m
[0;32mI (1205) cpu_start: Pro cpu start user code[0m
[0;32mI (1205) cpu_start: cpu freq: 160000000[0m
[0;32mI (1205) cpu_start: Application information:[0m
[0;32mI (1208) cpu_start: Project name:     blink[0m
[0;32mI (1213) cpu_start: App version:      5c639a7-dirty[0m
[0;32mI (1219) cpu_start: Compile time:     Jan 23 2023 19:42:41[0m
[0;32mI (1225) cpu_start: ELF file SHA256:  1ae4fd805558bfec...[0m
[0;32mI (1231) cpu_start: ESP-IDF:          v4.4.2[0m
[0;32mI (1236) heap_init: Initializing. RAM available for dynamic allocation:[0m
[0;32mI (1243) heap_init: At 3FFAE6E0 len 00001920 (6 KiB): DRAM[0m
[0;32mI (1249) heap_init: At 3FFB4598 len 0002BA68 (174 KiB): DRAM[0m
[0;32mI (1256) heap_init: At 3FFE0440 len 00003AE0 (14 KiB): D/IRAM[0m
[0;32mI (1262) heap_init: At 3FFE4350 len 0001BCB0 (111 KiB): D/IRAM[0m
[0;32mI (1269) heap_init: At 40094324 len 0000BCDC (47 KiB): IRAM[0m
[0;32mI (1275) spiram: Adding pool of 4095K of external SPI memory to heap allocator[0m

Brownout detector was triggered

ets Jun  8 2016 00:22:57

rst:0xc (SW_CPU_RESET),boot:0x13 (SPI_FAST_FLASH_BOOT)
configsip: 0, SPIWP:0xee
clk_drv:0x00,q_drv:0x00,d_drv:0x00,cs0_drv:0x00,hd_drv:0x00,wp_drv:0x00
mode:DIO, clock div:2
load:0x3fff0030,len:6660
load:0x40078000,len:14848
ho 0 tail 12 room 4
load:0x40080400,len:3792
entry 0x40080694
[0;32mI (29) boot: ESP-IDF v4.4.2 2nd stage bootloader[0m
[0;32mI (29) boot: compile time 19:18:33[0m
[0;32mI (29) boot: chip revision: 1[0m
[0;32mI (32) boot_comm: chip revision: 1, min. bootloader chip revision: 0[0m
[0;32mI (39) boot.esp32: SPI Speed      : 40MHz[0m
[0;32mI (43) boot.esp32: SPI Mode       : DIO[0m
[0;32mI (48) boot.esp32: SPI Flash Size : 4MB[0m
[0;32mI (52) boot: Enabling RNG early entropy source...[0m
[0;32mI (58) boot: Partition Table:[0m
[0;32mI (61) boot: ## Label            Usage          Type ST Offset   Length[0m
[0;32mI (69) boot:  0 nvs              WiFi data        01 02 00009000 00006000[0m
[0;32mI (76) boot:  1 phy_init         RF data          01 01 0000f000 00001000[0m
[0;32mI (84) boot:  2 factory          factory app      00 00 00010000 00100000[0m
[0;32mI (91) boot: End of partition table[0m
[0;32mI (95) boot_comm: chip revision: 1, min. application chip revision: 0[0m
[0;32mI (102) esp_image: segment 0: paddr=00010020 vaddr=3f400020 size=15480h ( 87168) map[0m
[0;32mI (143) esp_image: segment 1: paddr=000254a8 vaddr=3ffb0000 size=03b00h ( 15104) load[0m
[0;32mI (149) esp_image: segment 2: paddr=00028fb0 vaddr=40080000 size=07068h ( 28776) load[0m
[0;32mI (161) esp_image: segment 3: paddr=00030020 vaddr=400d0020 size=3892ch (231724) map[0m
[0;32mI (245) esp_image: segment 4: paddr=00068954 vaddr=40087068 size=0d2bch ( 53948) load[0m
[0;32mI (267) esp_image: segment 5: paddr=00075c18 vaddr=50000000 size=00010h (    16) load[0m
[0;32mI (278) boot: Loaded app from partition at offset 0x10000[0m
[0;32mI (278) boot: Disabling RNG early entropy source...[0m
[0;32mI (290) psram: This chip is ESP32-D0WD[0m
[0;32mI (292) spiram: Found 64MBit SPI RAM device[0m
[0;32mI (292) spiram: SPI RAM mode: flash 40m sram 40m[0m
[0;32mI (295) spiram: PSRAM initialized, cache is in low/high (2-core) mode.[0m
[0;32mI (303) cpu_start: Pro cpu up.[0m
[0;32mI (306) cpu_start: Starting app cpu, entry point is 0x4008158c[0m
[0;32mI (299) cpu_start: App cpu up.[0m
­           ets Jun  8 2016 00:22:57

rst:0x1 (POWERON_RESET),boot:0x1b (SPI_FAST_FLASH_BOOT)
flash read err, 1000
ets_main.c 371 
ets Jun  8 2016 00:22:57

rst:0x10 (RTCWDT_RTC_RESET),boot:0x13 (SPI_FAST_FLASH_BOOT)
configsip: 0, SPIWP:0xee
clk_drv:0x00,q_drv:0x00,d_drv:0x00,cs0_drv:0x00,hd_drv:0x00,wp_drv:0x00
mode:DIO, clock div:2
load:0x3fff0030,len:6660
load:0x40078000,len:14848
ho 0 tail 12 room 4
load:0x40080400,len:3792
entry 0x40080694
[0;32mI (29) boot: ESP-IDF v4.4.2 2nd stage bootloader[0m
[0;32mI (29) boot: compile time 19:18:33[0m
[0;32mI (29) boot: chip revision: 1[0m
[0;32mI (32) boot_comm: chip revision: 1, min. bootloader chip revision: 0[0m
[0;32mI (39) boot.esp32: SPI Speed      : 40MHz[0m
[0;32mI (43) boot.esp32: SPI Mode       : DIO[0m
[0;32mI (48) boot.esp32: SPI Flash Size : 4MB[0m
[0;32mI (53) boot: Enabling RNG early entropy source...[0m
[0;32mI (58) boot: Partition Table:[0m
[0;32mI (61) boot: ## Label            Usage          Type ST Offset   Length[0m
[0;32mI (69) boot:  0 nvs              WiFi data        01 02 00009000 00006000[0m
[0;32mI (76) boot:  1 phy_init         RF data          01 01 0000f000 00001000[0m
[0;32mI (84) boot:  2 factory          factory app      00 00 00010000 00100000[0m
[0;32mI (91) boot: End of partition table[0m
[0;32mI (95) boot_comm: chip revision: 1, min. application chip revision: 0[0m
[0;32mI (102) esp_image: segment 0: paddr=00010020 vaddr=3f400020 size=15480h ( 87168) map[0m
[0;32mI (143) esp_image: segment 1: paddr=000254a8 vaddr=3ffb0000 size=03b00h ( 15104) load[0m
[0;32mI (149) esp_image: segment 2: paddr=00028fb0 vaddr=40080000 size=07068h ( 28776) load[0m
[0;32mI (161) esp_image: segment 3: paddr=00030020 vaddr=400d0020 size=3892ch (231724) map[0m
[0;32mI (245) esp_image: segment 4: paddr=00068954 vaddr=40087068 size=0d2bch ( 53948) load[0m
[0;32mI (267) esp_image: segment 5: paddr=00075c18 vaddr=50000000 size=00010h (    16) load[0m
[0;32mI (278) boot: Loaded app from partition at offset 0x10000[0m
[0;32mI (278) boot: Disabling RNG early entropy source...[0m
[0;32mI (290) psram: This chip is ESP32-D0WD[0m
[0;32mI (292) spiram: Found 64MBit SPI RAM device[0m
[0;32mI (292) spiram: SPI RAM mode: flash 40m sram 40m[0m
[0;32mI (295) spiram: PSRAM initialized, cache is in low/high (2-core) mode.[0m
[0;32mI (303) cpu_start: Pro cpu up.[0m
[0;32mI (306) cpu_start: Starting app cpu, entry point is 0x4008158c[0m
[0;32mI (0) cpu_start: App cpu up.[0m
[0;32mI (1197) spiram: SPI SRAM memory test OK[0m
[0;32mI (1205) cpu_start: Pro cpu start user code[0m
[0;32mI (1205) cpu_start: cpu freq: 160000000[0m
[0;32mI (1205) cpu_start: Application information:[0m
[0;32mI (1208) cpu_start: Project name:     blink[0m
[0;32mI (1213) cpu_start: App version:      5c639a7-dirty[0m
[0;32mI (1219) cpu_start: Compile time:     Jan 23 2023 19:42:41[0m
[0;32mI (1225) cpu_start: ELF file SHA256:  1ae4fd805558bfec...[0m
[0;32mI (1231) cpu_start: ESP-IDF:          v4.4.2[0m
[0;32mI (1236) heap_init: Initializing. RAM available for dynamic allocation:[0m
[0;32mI (1243) heap_init: At 3FFAE6E0 len 00001920 (6 KiB): DRAM[0m
[0;32mI (1250) heap_init: At 3FFB4598 len 0002BA68 (174 KiB): DRAM[0m
[0;32mI (1256) heap_init: At 3FFE0440 len 00003AE0 (14 KiB): D/IRAM[0m
[0;32mI (1262) heap_init: At 3FFE4350 len 0001BCB0 (111 KiB): D/IRAM[0m
[0;32mI (1269) heap_init: At 40094324 len 0000BCDC (47 KiB): IRAM[0m
[0;32mI (1275) spiram: Adding pool of 4095K of external SPI memory to heap allocator[0m
[0;32mI (1284) spi_flash: detected chip: generic[0m
[0;32mI (1288) spi_flash: flash io: dio[0m
[0;32mI (1293) cpu_start: Starting scheduler on PRO CPU.[0m
[0;32mI (0) cpu_start: Starting scheduler on APP CPU.[0m
[0;32mI (1303) spiram: Reserving pool of 32K of internal memory for DMA/internal allocations[0m

Brownout detector was triggered

ets Jun  8 2016 00:22:57

rst:0xc (SW_CPU_RESET),boot:0x13 (SPI_FAST_FLASH_BOOT)
configsip: 0, SPIWP:0xee
clk_drv:0x00,q_drv:0x00,d_drv:0x00,cs0_drv:0x00,hd_drv:0x00,wp_drv:0x00
mode:DIO, clock div:2
load:0x3fff0030,len:6660
load:0x40078000,len:14848
ho 0 tail 12 room 4
load:0x40080400,len:3792
entry 0x40080694
[0;32mI (29) boot: ESP-IDF v4.4.2 2nd stage bootloader[0m
[0;32mI (29) boot: compile time 19:18:33[0m
[0;32mI (29) boot: chip revision: 1[0m
[0;32mI (32) boot_comm: chip revision: 1, min. bootloader chip revision: 0[0m
[0;32mI (39) boot.esp32: SPI Speed      : 40MHz[0m
[0;32mI (43) boot.esp32: SPI Mode       : DIO[0m
[0;32mI (48) boot.esp32: SPI Flash Size : 4MB[0m
[0;32mI (52) boot: Enabling RNG early entropy source...[0m
[0;32mI (58) boot: Partition Table:[0m
[0;32mI (61) boot: ## Label            Usage          Type ST Offset   Length[0m
[0;32mI (69) boot:  0 nvs              WiFi data        01 02 00009000 00006000[0m
[0;32mI (76) boot:  1 phy_init         RF data          01 01 0000f000 00001000[0m
[0;32mI (84) boot:  2 factory          factory app      00 00 00010000 00100000[0m
[0;32mI (91) boot: End of partition table[0m
[0;32mI (95) boot_comm: chip revision: 1, min. application chip revision: 0[0m
[0;32mI (102) esp_image: segment 0: paddr=00010020 vaddr=3f400020 size=15480h ( 87168) map[0m
[0;32mI (143) esp_image: segment 1: paddr=000254a8 vaddr=3ffb0000 size=03b00h ( 15104) load[0m
[0;32mI (149) esp_image: segment 2: paddr=00028fb0 vaddr=40080000 size=07068h ( 28776) load[0m
[0;32mI (161) esp_image: segment 3: paddr=00030020 vaddr=400d0020 size=3892ch (231724) map[0m
[0;32mI (245) esp_image: segment 4: paddr=00068954 vaddr=40087068 size=0d2bch ( 53948) load[0m
[0;32mI (267) esp_image: segment 5: paddr=00075c18 vaddr=50000000 size=00010h (    16) load[0m
[0;32mI (278) boot: Loaded app from partition at offset 0x10000[0m
[0;32mI (278) boot: Disabling RNG early entropy source...[0m
[0;32mI (290) psram: This chip is ESP32-D0WD[0m
[0;32mI (292) spiram: Found 64MBit SPI RAM device[0m
[0;32mI (292) spiram: SPI RAM mode: flash 40m sram 40m[0m
[0;32mI (295) spiram: PSRAM initialized, cache is in low/high (2-core) mode.[0m
[0;32mI (303) cpu_start: Pro cpu up.[0m
[0;32mI (306) cpu_start: Starting app cpu, entry point is 0x4008158c[0m
[0;32mI (299) cpu_start: App cpu up.[0m
[0;32mI (1197) spiram: SPI SRAM memory test OK[0m
[0;32mI (1205) cpu_start: Pro cpu start user code[0m
[0;32mI (1205) cpu_start: cpu freq: 160000000[0m
[0;32mI (1205) cpu_start: Application information:[0m
[0;32mI (1208) cpu_start: Project name:     blink[0m
[0;32mI (1213) cpu_start: App version:      5c639a7-dirty[0m
[0;32mI (1219) cpu_start: Compile time:     Jan 23 2023 19:42:41[0m
[0;32mI (1225) cpu_start: ELF file SHA256:  1ae4fd805558bfec...[0m
[0;32mI (1231) cpu_start: ESP-IDF:          v4.4.2[0m
[0;32mI (1236) heap_init: Initializing. RAM available for dynamic allocation:[0m
[0;32mI (1243) heap_init: At 3FFAE6E0 len 00001920 (6 KiB): DRAM[0m
[0;32mI (1249) heap_init: At 3FFB4598 len 0002BA68 (174 KiB): DRAM[0m
[0;32mI (1256) heap_init: At 3FFE0440 len 00003AE0 (14 KiB): D/IRAM[0m
[0;32mI (1262) heap_init: At 3FFE4350 len 0001BCB0 (111 KiB): D/IRAM[0m
[0;32mI (1269) heap_init: At 40094324 len 0000BCDC (47 KiB): IRAM[0m
[0;32mI (1275) spiram: Adding pool of 4095K of external SPI memory to heap allocator[0m
[0;32mI (1284) spi_flash: detected chip: generic[0m
[0;32mI (1288) spi_flash: flash io: dio[0m
[0;32mI (1293) cpu_start: Starting scheduler on PRO CPU.[0m
[0;32mI (0) cpu_start: Starting scheduler on APP CPU.[0m
[0;32mI (1302) spiram: Reserving pool of 32K of internal memory for DMA/internal allocations[0m

Brownout detector was triggered

ets Jun  8 2016 00:22:57

rst:0xc (SW_CPU_RESET),boot:0x13 (SPI_FAST_FLASH_BOOT)
configsip: 0, SPIWP:0xee
clk_drv:0x00,q_drv:0x00,d_drv:0x00,cs0_drv:0x00,hd_drv:0x00,wp_drv:0x00
mode:DIO, clock div:2
load:0x3fff0030,len:6660
load:0x40078000,len:14848
ho 0 tail 12 room 4
load:0x40080400,len:3792
entry 0x40080694
[0;32mI (29) boot: ESP-IDF v4.4.2 2nd stage bootloader[0m
[0;32mI (29) boot: compile time 19:18:33[0m
[0;32mI (29) boot: chip revision: 1[0m
[0;32mI (32) boot_comm: chip revision: 1, min. bootloader chip revision: 0[0m
[0;32mI (39) boot.esp32: SPI Speed      : 40MHz[0m
[0;32mI (43) boot.esp32: SPI Mode       : DIO[0m
[0;32mI (48) boot.esp32: SPI Flash Size : 4MB[0m
[0;32mI (52) boot: Enabling RNG early entropy source...[0m
[0;32mI (58) boot: Partition Table:[0m
[0;32mI (61) boot: ## Label            Usage          Type ST Offset   Length[0m
[0;32mI (69) boot:  0 nvs              WiFi data        01 02 00009000 00006000[0m
[0;32mI (76) boot:  1 phy_init         RF data          01 01 0000f000 00001000[0m
[0;32mI (84) boot:  2 factory          factory app      00 00 00010000 00100000[0m
[0;32mI (91) boot: End of partition table[0m
[0;32mI (95) boot_comm: chip revision: 1, min. application chip revision: 0[0m
[0;32mI (102) esp_image: segment 0: paddr=00010020 vaddr=3f400020 size=15480h ( 87168) map[0m
[0;32mI (143) esp_image: segment 1: paddr=000254a8 vaddr=3ffb0000 size=03b00h ( 15104) load[0m
[0;32mI (149) esp_image: segment 2: paddr=00028fb0 vaddr=40080000 size=07068h ( 28776) load[0m
[0;32mI (161) esp_image: segment 3: paddr=00030020 vaddr=400d0020 size=3892ch (231724) map[0m
[0;32mI (245) esp_image: segment 4: paddr=00068954 vaddr=40087068 size=0d2bch ( 53948) load[0m
[0;32mI (267) esp_image: segment 5: paddr=00075c18 vaddr=50000000 size=00010h (    16) load[0m
[0;32mI (278) boot: Loaded app from partition at offset 0x10000[0m
[0;32mI (278) boot: Disabling RNG early entropy source...[0m
[0;32mI (290) psram: This chip is ESP32-D0WD[0m
[0;32mI (292) spiram: Found 64MBit SPI RAM device[0m
[0;32mI (292) spiram: SPI RAM mode: flash 40m sram 40m[0m
[0;32mI (295) spiram: PSRAM initialized, cache is in low/high (2-core) mode.[0m
[0;32mI (303) cpu_start: Pro cpu up.[0m
[0;32mI (306) cpu_start: Starting app cpu, entry point is 0x4008158c[0m
[0;32mI (299) cpu_start: App cpu up.[0m
[0;32mI (1197) spiram: SPI SRAM memory test OK[0m
[0;32mI (1205) cpu_start: Pro cpu start user code[0m
[0;32mI (1205) cpu_start: cpu freq: 160000000[0m
[0;32mI (1205) cpu_start: Application information:[0m
[0;32mI (1208) cpu_start: Project name:     blink[0m
[0;32mI (1213) cpu_start: App version:      5c639a7-dirty[0m
[0;32mI (1219) cpu_start: Compile time:     Jan 23 2023 19:42:41[0m
[0;32mI (1225) cpu_start: ELF file SHA256:  1ae4fd805558bfec...[0m
[0;32mI (1231) cpu_start: ESP-IDF:          v4.4.2[0m
[0;32mI (1236) heap_init: Initializing. RAM available for dynamic allocation:[0m
[0;32mI (1243) heap_init: At 3FFAE6E0 len 00001920 (6 KiB): DRAM[0m
[0;32mI (1249) heap_init: At 3FFB4598 len 0002BA68 (174 KiB): DRAM[0m
[0;32mI (1256) heap_init: At 3FFE0440 len 00003AE0 (14 KiB): D/IRAM[0m
[0;32mI (1262) heap_init: At 3FFE4350 len 0001BCB0 (111 KiB): D/IRAM[0m
[0;32mI (1269) heap_init: At 40094324 len 0000BCDC (47 KiB): IRAM[0m
[0;32mI (1275) spiram: Adding pool of 4095K of external SPI memory to heap allocator[0m
[0;32mI (1284) spi_flash
Brownout detector was triggered

ets Jun  8 2016 00:22:57

rst:0xc (SW_CPU_RESET),boot:0x13 (SPI_FAST_FLASH_BOOT)
configsip: 0, SPIWP:0xee
clk_drv:0x00,q_drv:0x00,d_drv:0x00,cs0_drv:0x00,hd_drv:0x00,wp_drv:0x00
mode:DIO, clock div:2
load:0x3fff0030,len:6660
load:0x40078000,len:14848
ho 0 tail 12 room 4
load:0x40080400,len:3792
entry 0x40080694
[0;32mI (29) boot: ESP-IDF v4.4.2 2nd stage bootloader[0m
[0;32mI (29) boot: compilå ÆÏófø ø  9:1àó    ð     ÀÀ    ets Jun  8 2016 00:22:57

rst:0x1 (POWERON_RESET),boot:0x1b (SPI_FAST_FLASH_BOOT)
flash read err, 1000
ets_main.c 371 
ets Jun  8 2016 00:22:57

rst:0x10 (RTCWDT_RTC_RESET),boot:0x13 (SPI_FAST_FLASH_BOOT)
configsip: 0, SPIWP:0xee
clk_drv:0x00,q_drv:0x00,d_drv:0x00,cs0_drv:0x00,hd_drv:0x00,wp_drv:0x00
mode:DIO, clock div:2
load:0x3fff0030,len:6660
load:0x40078000,len:14848
ho 0 tail 12 room 4
load:0x40080400,len:3792
entry 0x40080694
[0;32mI (29) boot: ESP-IDF v4.4.2 2nd stage bootloader[0m
[0;32mI (29) boot: compile time 19:18:33[0m
[0;32mI (29) boot: chip revision: 1[0m
[0;32mI (32) boot_comm: chip revision: 1, min. bootloader chip revision: 0[0m
[0;32mI (39) boot.esp32: SPI Speed      : 40MHz[0m
[0;32mI (43) boot.esp32: SPI Mode       : DIO[0m
[0;32mI (48) boot.esp32: SPI Flash Size : 4MB[0m
[0;32mI (52) boot: Enabling RNG early entropy source...[0m
[0;32mI (58) boot: Partition Table:[0m
[0;32mI (61) boot: ## Label            Usage          Type ST Offset   Length[0m
[0;32mI (69) boot:  0 nvs              WiFi data        01 02 00009000 00006000[0m
[0;32mI (76) boot:  1 phy_init         RF data          01 01 0000f000 00001000[0m
[0;32mI (84) boot:  2 factory          factory app      00 00 00010000 00100000[0m
[0;32mI (91) boot: End of partition table[0m
[0;32mI (95) boot_comm: chip revision: 1, min. application chip revision: 0[0m
[0;32mI (102) esp_image: segment 0: paddr=00010020 vaddr=3f400020 size=15480h ( 87168) map[0m
[0;32mI (143) esp_image: segment 1: paddr=000254a8 vaddr=3ffb0000 size=03b00h ( 15104) load[0m
[0;32mI (149) esp_image: segment 2: paddr=00028fb0 vaddr=40080000 size=07068h ( 28776) load[0m
[0;32mI (161) esp_image: segment 3: paddr=00030020 vaddr=400d0020 size=3892ch (231724) map[0m
[0;32mI (245) esp_image: segment 4: paddr=00068954 vaddr=40087068 size=0d2bch ( 53948) load[0m
[0;32mI (267) esp_image: segment 5: paddr=00075c18 vaddr=50000000 size=00010h (    16) load[0m
[0;32mI (278) boot: Loaded app from partition at offset 0x10000[0m
[0;32mI (278) boot: Disabling RNG early entropy source...[0m
[0;32mI (290) psram: This chip is ESP32-D0WD[0m
[0;32mI (292) spiram: Found 64MBit SPI RAM device[0m
[0;32mI (292) spiram: SPI RAM mode: flash 40m sram 40m[0m
[0;32mI (295) spiram: PSRAM initialized, cache is in low/high (2-core) mode.[0m
[0;32mI (303) cpu_start: Pro cpu up.[0m
[0;32mI (306) cpu_start: Starting app cpu, entry point is 0x4008158c[0m
[0;32mI (0) cpu_start: App cpu up.[0m
[0;32mI (1197) spiram: SPI SRAM memory test OK[0m
[0;32mI (1205) cpu_start: Pro cpu start user code[0m
[0;32mI (1205) cpu_start: cpu freq: 160000000[0m
[0;32mI (1205) cpu_start: Application information:[0m
[0;32mI (1208) cpu_start: Project name:     blink[0m
[0;32mI (1213) cpu_start: App version:      5c639a7-dirty[0m
[0;32mI (1219) cpu_start: Compile time:     Jan 23 2023 19:42:41[0m
[0;32mI (1225) cpu_start: ELF file SHA256:  1ae4fd805558bfec...[0m
[0;32mI (1231) cpu_start: ESP-IDF:          v4.4.2[0m
[0;32mI (1236) heap_init: Initializing. RAM available for dynamic allocation:[0m
[0;32mI (1243) heap_init: At 3FFAE6E0 len 00001920 (6 KiB): DRAM[0m
[0;32mI (1250) heap_init: At 3FFB4598 len 0002BA68 (174 KiB): DRAM[0m
[0;32mI (1256) heap_init: At 3FFE0440 len 00003AE0 (14 KiB): D/IRAM[0m
[0;32mI (1262) heap_init: At 3FFE4350 len 0001BCB0 (111 KiB): D/IRAM[0m
[0;32mI (1269) heap_init: At 40094324 len 0000BCDC (47 KiB): IRAM[0m
[0;32mI (1275) spiram: Adding pool of 4095K of external SPI memory to heap allocator[0m
[0;32mI (1284) spi_flash: detected chip: generic[0m
[0;32mI (1288) spi_flash: flash io: dio[0m
[0;32mI (1293) cpu_start: Starting scheduler on PRO CPU.[0m
[0;32mI (0) cpu_start: Starting scheduler on APP CPU.[0m
[0;32mI (1303) spiram: Reserving pool of 32K of internal memory for DMA/internal allocations[0m
[0;32mI (1533) gpio: GPIO[25]| InputEn: 1| OutputEn: 0| OpenDrain: 0| Pullup: 1| Pulldown: 0| Intr:2 [0m
[0;32mI (1543) cam_hal: cam init ok[0m
[0;32mI (1543) sccb: pin_sda 26 pin_scl 27[0m
[0;32mI (1543) sccb: sccb_i2c_port=1
[0m
[0;32mI (1553) gpio: GPIO[32]| InputEn: 0| OutputEn: 1| OpenDrain: 0| Pullup: 0| Pulldown: 0| Intr:0 [0m
[0;32mI (1583) camera: Detected camera at address=0x30[0m
[0;32mI (1583) camera: Detected OV2640 camera[0m
[0;32mI (1583) camera: Camera PID=0x26 VER=0x42 MIDL=0x7f MIDH=0xa2[0m
[0;33mW (1663) camera: The frame size exceeds the maximum for this sensor, it will be forced to the maximum possible value[0m
[0;32mI (1663) cam_hal: buffer_size: 32768, half_buffer_size: 4096, node_buffer_size: 2048, node_cnt: 16, total_cnt: 93[0m
[0;32mI (1673) cam_hal: Allocating 384000 Byte frame buffer in PSRAM[0m
[0;32mI (1683) cam_hal: cam config ok[0m
[0;32mI (1683) ov2640: Set PLL: clk_2x: 0, clk_div: 0, pclk_auto: 0, pclk_div: 12[0m
[0;32mI (1793) gpio: GPIO[33]| InputEn: 0| OutputEn: 0| OpenDrain: 0| Pullup: 1| Pulldown: 0| Intr:0 [0m
[0;32mI (1793) gpio: GPIO[4]| InputEn: 0| OutputEn: 0| OpenDrain: 0| Pullup: 1| Pulldown: 0| Intr:0 [0m

Brownout detector was triggered

ets Jun  8 2016 00:22:57

rst:0xc (SW_CPU_RESET),boot:0x13 (SPI_FAST_FLASH_BOOT)
configsip: 0, SPIWP:0xee
clk_drv:0x00,q_drv:0x00,d_drv:0x00,cs0_drv:0x00,hd_drv:0x00,wp_drv:0x00
mode:DIO, clock div:2<þloae:  cB  p   ets Jun  8 2016 00:22:57

rst:0x1 (POWERON_RESET),boot:0x13 (SPI_FAST_FLASH_BOOT)
configsip: 0, SPIWP:0xee
clk_drv:0x00,q_drv:0x00,d_drv:0x00,cs0_drv:0x00,hd_drv:0x00,wp_drv:0x00
mode:DIO, clock div:2
load:0x3fff0030,len:6660
load:0x40078000,len:14848
ho 0 tail 12 room 4
load:0x40080400,len:3792
entry 0x40080694
[0;32mI (28) boot: ESP-IDF v4.4.2 2nd stage bootloader[0m
[0;32mI (28) boot: compile time 19:18:33[0m
[0;32mI (29) boot: chip revision: 1[0m
[0;32mI (31) boot_comm: chip revision: 1, min. bootloader chip revision: 0[0m
[0;32mI (38) boot.esp32: SPI Speed      : 40MHz[0m
[0;32mI (43) boot.esp32: SPI Mode       : DIO[0m
[0;32mI (48) boot.esp32: SPI Flash Size : 4MB[0m
[0;32mI (52) boot: Enabling RNG early entropy source...[0m
[0;32mI (58) boot: Partition Table:[0m
[0;32mI (61) boot: ## Label            Usage          Type ST Offset   Length[0m
[0;32mI (68) boot:  0 nvs              WiFi data        01 02 00009000 00006000[0m
[0;32mI (76) boot:  1 phy_init         RF data          01 01 0000f000 00001000[0m
[0;32mI (83) boot:  2 factory          factory app      00 00 00010000 00100000[0m
[0;32mI (91) boot: End of partition table[0m
[0;32mI (95) boot_comm: chip revision: 1, min. application chip revision: 0[0m
[0;32mI (102) esp_image: segment 0: paddr=00010020 vaddr=3f400020 size=15480h ( 87168) map[0m
[0;32mI (142) esp_image: segment 1: paddr=000254a8 vaddr=3ffb0000 size=03b00h ( 15104) load[0m
[0;32mI (148) esp_image: segment 2: paddr=00028fb0 vaddr=40080000 size=07068h ( 28776) load[0m
[0;32mI (161) esp_image: segment 3: paddr=00030020 vaddr=400d0020 size=3892ch (231724) map[0m
[0;32mI (245) esp_image: segment 4: paddr=00068954 vaddr=40087068 size=0d2bch ( 53948) load[0m
[0;32mI (267) esp_image: segment 5: paddr=00075c18 vaddr=50000000 size=00010h (    16) load[0m
[0;32mI (277) boot: Loaded app from partition at offset 0x10000[0m
[0;32mI (277) boot: Disabling RNG early entropy source...[0m
[0;32mI (290) psram: This chip is ESP32-D0WD[0m
[0;32mI (291) spiram: Found 64MBit SPI RAM device[0m
[0;32mI (292) spiram: SPI RAM mode: flash 40m sram 40m[0m
[0;32mI (295) spiram: PSRAM initialized, cache is in low/high (2-core) mode.[0m
[0;32mI (302) cpu_start: Pro cpu up.[0m
[0;32mI (306) cpu_start: Starting app cpu, entry point is 0x4008158c[0m
[0;32mI (0) cpu_start: App cpu up.[0m
[0;32mI (1197) spiram: SPI SRAM memory test OK[0m
[0;32mI (1205) cpu_start: Pro cpu start user code[0m
[0;32mI (1205) cpu_start: cpu freq: 160000000[0m
[0;32mI (1205) cpu_start: Application information:[0m
[0;32mI (1208) cpu_start: Project name:     blink[0m
[0;32mI (1213) cpu_start: App version:      5c639a7-dirty[0m
[0;32mI (1218) cpu_start: Compile time:     Jan 23 2023 19:42:41[0m
[0;32mI (1225) cpu_start: ELF file SHA256:  1ae4fd805558bfec...[0m
[0;32mI (1231) cpu_start: ESP-IDF:          v4.4.2[0m
[0;32mI (1236) heap_init: Initializing. RAM available for dynamic allocation:[0m
[0;32mI (1243) heap_init: At 3FFAE6E0 len 00001920 (6 KiB): DRAM[0m
[0;32mI (1249) heap_init: At 3FFB4598 len 0002BA68 (174 KiB): DRAM[0m
[0;32mI (1255) heap_init: At 3FFE0440 len 00003AE0 (14 KiB): D/IRAM[0m
[0;32mI (1262) heap_init: At 3FFE4350 len 0001BCB0 (111 KiB): D/IRAM[0m
[0;32mI (1268) heap_init: At 40094324 len 0000BCDC (47 KiB): IRAM[0m
[0;32mI (1275) spiram: Adding pool of 4095K of external SPI memory to heap allocator[0m
[0;32mI (1284) spi_flash: detected chip: generic[0m
[0;32mI (1287) spi_flash: flash io: dio[0m
[0;32mI (1293) cpu_start: Starting scheduler on PRO CPU.[0m
[0;32mI (0) cpu_start: Starting scheduler on APP CPU.[0m
[0;32mI (1302) spiram: Reserving pool of 32K of internal memory for DMA/internal allocations[0m
[0;32mI (1412) gpio: GPIO[25]| InputEn: 1| OutputEn: 0| OpenDrain: 0| Pullup: 1| Pulldown: 0| Intr:2 [0m
[0;32mI (1412) cam_hal: cam init ok[0m
[0;32mI (1412) sccb: pin_sda 26 pin_scl 27[0m
[0;32mI (1412) sccb: sccb_i2c_port=1
[0m
[0;32mI (1422) gpio: GPIO[32]| InputEn: 0| OutputEn: 1| OpenDrain: 0| Pullup: 0| Pulldown: 0| Intr:0 [0m
[0;32mI (1462) camera: Detected camera at address=0x30[0m
[0;32mI (1462) camera: Detected OV2640 camera[0m
[0;32mI (1462) camera: Camera PID=0x26 VER=0x42 MIDL=0x7f MIDH=0xa2[0m
[0;33mW (1542) camera: The frame size exceeds the maximum for this sensor, it will be forced to the maximum possible value[0m
[0;32mI (1542) cam_hal: buffer_size: 32768, half_buffer_size: 4096, node_buffer_size: 2048, node_cnt: 16, total_cnt: 93[0m
[0;32mI (1552) cam_hal: Allocating 384000 Byte frame buffer in PSRAM[0m
[0;32mI (1562) cam_hal: cam config ok[0m
[0;32mI (1562) ov2640: Set PLL: clk_2x: 0, clk_div: 0, pclk_auto: 0, pclk_div: 12[0m
[0;32mI (1662) gpio: GPIO[33]| InputEn: 0| OutputEn: 0| OpenDrain: 0| Pullup: 1| Pulldown: 0| Intr:0 [0m
[0;32mI (1662) gpio: GPIO[4]| InputEn: 0| OutputEn: 0| OpenDrain: 0| Pullup: 1| Pulldown: 0| Intr:0 [0m
